========================================
Time:        2026-04-06 01:35:49
Environment: pytorch
Torch:       2.5.1+cu118
CUDA:        11.8
========================================
*** Config Updated ***
Args in experiment: Namespace(model='Basic_Mixer', data='SWAT', entity_id=1, ablation=0, mixerType='causal', downsample=1, target_optimization='sf1', checkpoint_load=1, num_workers=0, task_name='anomaly_detection', use_hyperParam_optim=False, train_flag='train', seed=42, detection_type='online', score_PAdjust=0, featureSimilarity=1, batch_size=512, train_epochs=30, seq_len=24, pred_len=1, num_mix=1, tfactor=1, dfactor=1, learning_rate=0.00498096466936417, dropout=0.05, embedding_dropout=0.05, input_dropout=0.0, d_model=128, weight_decay=0.0, nheads=6, patch_flag=0, patch_len=4, stride=4, lradj='type3', use_multi_gpu=False, n_jobs=1, patience=8, features='M', target='FIT101', freq='h', checkpoints='./checkpoints/', cols=None, itr=1, use_amp=False, use_gpu=True, gpu=0, devices='0,1', embed=0, loss='mse', label_len=0, anomaly_ratio=0.25, top_k=3, d_ff=64, num_kernels=6, e_layers=2, slstm_backend='vanilla', optuna_seq_len=None, optuna_lr=None, optuna_batch=None, optuna_num_mix=None, optuna_tfactor=None, optuna_dfactor=None, optuna_epochs=None, optuna_dropout=None, optuna_input_dropout=None, optuna_embedding_dropout=None, optuna_dmodel=None, optuna_weight_decay=None, optuna_trial_num=2, optuna_top_k=3, optuna_d_ff=64, optuna_e_layers=2, data_path=None, root_path='./data/SWAT/', c_in=51, enc_in=51, c_out=51, num_entities=1, detail_freq='h')
task: anomaly_detection
Use GPU: cuda:0
train_full 99337
Head intialization: clusters: [5, 15, 10, 12, 6, 3]
Start Training- Basic_Mixer_SWAT_0_ds1_E1_H6_24-1_d128_b512_f1-1_causal1_fs1_42
train 79465
test 89961
val 19848
>>> checkpoint_loading_Successful <<<
Start Testing- Basic_Mixer_SWAT_0_ds1_E1_H6_24-1_d128_b512_f1-1_causal1_fs1_42
test 89961
val 19848
[INFO] Register count_linear() for <class 'torch.nn.modules.linear.Linear'>.
[INFO] Register zero_ops() for <class 'torch.nn.modules.dropout.Dropout'>.
[INFO] Register zero_ops() for <class 'torch.nn.modules.container.Sequential'>.
[INFO] Register count_normalization() for <class 'torch.nn.modules.batchnorm.BatchNorm1d'>.
Total GFLOPs: 1.0491
=============================================
              COMBINED RESULTS               
=============================================

          --- Averaged Metrics ---           
  TP              8922.0000
  FP              491.0000
  TN              78684.0000
  FN              1864.0000
  TPR             0.8272
  PPV             0.9478
  FPR             0.0062
  F1              0.8834
  PR_AUC          0.9109
  VUS_ROC         0.7581
  VUS_PR          0.7791
  Aff_F1          0.7814
  Aff_P           0.9527
  Aff_R           0.6623
  Range_F1        0.6814
  Range_P         0.6315
  Range_R         0.7399
  gflops          1.0491
  avgInfTime      0.0019
  nParams         43297.0000

        --- Concatenated Metrics ---         
  F1              0.8834
  TP              8922
  FP              491
  TN              78684
  FN              1864

               --- Alphas ---                
  [0.0004]
=============================================
