========================================
Time:        2026-08-14 15:13:28
Environment: pytorch
Torch:       2.5.1+cu118
CUDA:        11.8
========================================
*** Config Updated ***
Args in experiment: Namespace(task_name='anomaly_detection', model='CCM_TAD', target_optimization='pf1', checkpoint_load=0, ablation=0, data='SWAT', entity_id=1, downsample=1, train_flag='train', mixerType='causal', num_workers=0, use_hyperParam_optim=False, seed=42, detection_type='online', score_PAdjust=0, featureSimilarity=1, batch_size=512, train_epochs=30, seq_len=24, pred_len=1, num_mix=1, tfactor=1, dfactor=1, learning_rate=0.00498096466936417, dropout=0.05, embedding_dropout=0.05, input_dropout=0.0, d_model=128, weight_decay=0.0, nheads=6, patch_flag=0, patch_len=4, stride=4, lradj='type3', use_multi_gpu=False, n_jobs=1, patience=8, features='M', target='FIT101', freq='h', checkpoints='./checkpoints/', cols=None, itr=1, use_amp=False, use_gpu=True, gpu=0, devices='0,1', embed=0, loss='mse', optuna_seq_len=None, optuna_lr=None, optuna_batch=None, optuna_num_mix=None, optuna_tfactor=None, optuna_dfactor=None, optuna_epochs=None, optuna_dropout=None, optuna_input_dropout=None, optuna_embedding_dropout=None, optuna_dmodel=None, optuna_weight_decay=None, optuna_trial_num=2, data_path=None, root_path='./data/SWAT/', c_in=51, c_out=51, num_entities=1, detail_freq='h')
task: anomaly_detection
Use GPU: cuda:0
train_full 99337
Head intialization: clusters: [5, 15, 10, 12, 6, 3]
Start Training- CCM_TAD_SWAT_0_ds1_E1_H6_24-1_d128_b512_f1-1_causal1_fs1_42
train 79465
test 89961
val 19848
Epoch 0: cost time: 2.41 sec
	Tr: 0.074 Val: 0.002 Tst: 0.082 Tst.pf1: 0.844 a: 0 
	lr: 0.004981
Epoch 1: cost time: 2.27 sec
	Tr: 0.004 Val: 0.003 Tst: 0.040 Tst.pf1: 0.861 a: 0 *
	lr: 0.004981
Epoch 2: cost time: 2.48 sec
	Tr: 0.003 Val: 0.001 Tst: 0.027 Tst.pf1: 0.866 a: 0 *
	lr: 0.004981
Epoch 3: cost time: 2.39 sec
	Tr: 0.003 Val: 0.002 Tst: 0.029 Tst.pf1: 0.867 a: 0 *
	lr: 0.004483
Epoch 4: cost time: 2.33 sec
	Tr: 0.003 Val: 0.001 Tst: 0.025 Tst.pf1: 0.871 a: 0 *
	lr: 0.004035
Epoch 5: cost time: 2.32 sec
	Tr: 0.002 Val: 0.001 Tst: 0.025 Tst.pf1: 0.871 a: 0 
	lr: 0.003631
Epoch 6: cost time: 2.22 sec
	Tr: 0.002 Val: 0.001 Tst: 0.025 Tst.pf1: 0.872 a: 0 *
	lr: 0.003268
Epoch 7: cost time: 2.30 sec
	Tr: 0.002 Val: 0.001 Tst: 0.023 Tst.pf1: 0.867 a: 0 
	lr: 0.002941
Epoch 8: cost time: 2.45 sec
	Tr: 0.002 Val: 0.000 Tst: 0.023 Tst.pf1: 0.873 a: 0 *
	lr: 0.002647
Epoch 9: cost time: 2.38 sec
	Tr: 0.002 Val: 0.000 Tst: 0.020 Tst.pf1: 0.873 a: 0 
	lr: 0.002382
Epoch 10: cost time: 2.44 sec
	Tr: 0.002 Val: 0.000 Tst: 0.021 Tst.pf1: 0.875 a: 0 *
	lr: 0.002144
Epoch 11: cost time: 2.69 sec
	Tr: 0.002 Val: 0.001 Tst: 0.019 Tst.pf1: 0.876 a: 0 *
	lr: 0.001930
Epoch 12: cost time: 2.69 sec
	Tr: 0.002 Val: 0.000 Tst: 0.017 Tst.pf1: 0.878 a: 0 *
	lr: 0.001737
Epoch 13: cost time: 2.41 sec
	Tr: 0.002 Val: 0.000 Tst: 0.019 Tst.pf1: 0.876 a: 0 
	lr: 0.001563
Epoch 14: cost time: 2.28 sec
	Tr: 0.002 Val: 0.000 Tst: 0.021 Tst.pf1: 0.864 a: 0 
	lr: 0.001407
Epoch 15: cost time: 2.39 sec
	Tr: 0.002 Val: 0.000 Tst: 0.021 Tst.pf1: 0.874 a: 0 
	lr: 0.001266
Epoch 16: cost time: 2.31 sec
	Tr: 0.001 Val: 0.000 Tst: 0.021 Tst.pf1: 0.875 a: 0 
	lr: 0.001139
Epoch 17: cost time: 2.61 sec
	Tr: 0.001 Val: 0.000 Tst: 0.021 Tst.pf1: 0.877 a: 0 
	lr: 0.001026
Epoch 18: cost time: 2.83 sec
	Tr: 0.001 Val: 0.000 Tst: 0.021 Tst.pf1: 0.874 a: 0 
	lr: 0.000923
Epoch 19: cost time: 2.54 sec
	Tr: 0.001 Val: 0.000 Tst: 0.022 Tst.pf1: 0.878 a: 0 
	lr: 0.000831
Epoch 20: cost time: 2.45 sec
	Tr: 0.001 Val: 0.000 Tst: 0.022 Tst.pf1: 0.879 a: 0 *
	lr: 0.000748
Epoch 21: cost time: 2.39 sec
	Tr: 0.001 Val: 0.000 Tst: 0.023 Tst.pf1: 0.880 a: 0 *
	lr: 0.000673
Epoch 22: cost time: 2.41 sec
	Tr: 0.001 Val: 0.000 Tst: 0.021 Tst.pf1: 0.879 a: 0 
	lr: 0.000606
Epoch 23: cost time: 2.24 sec
	Tr: 0.001 Val: 0.000 Tst: 0.022 Tst.pf1: 0.878 a: 0 
	lr: 0.000545
Epoch 24: cost time: 2.34 sec
	Tr: 0.001 Val: 0.000 Tst: 0.023 Tst.pf1: 0.878 a: 0 
	lr: 0.000491
Epoch 25: cost time: 2.48 sec
	Tr: 0.001 Val: 0.000 Tst: 0.025 Tst.pf1: 0.876 a: 0 
	lr: 0.000441
Epoch 26: cost time: 2.31 sec
	Tr: 0.001 Val: 0.000 Tst: 0.026 Tst.pf1: 0.876 a: 0 
	lr: 0.000397
Epoch 27: cost time: 2.39 sec
	Tr: 0.001 Val: 0.000 Tst: 0.025 Tst.pf1: 0.877 a: 0 
	lr: 0.000358
Epoch 28: cost time: 2.28 sec
	Tr: 0.001 Val: 0.000 Tst: 0.025 Tst.pf1: 0.876 a: 0 
	lr: 0.000322
Epoch 29: cost time: 2.42 sec
	Tr: 0.001 Val: 0.000 Tst: 0.026 Tst.pf1: 0.877 a: 0 
	lr: 0.000290
Best Epoch: 21, Best F1: 0.8797770700636942
Start Testing- CCM_TAD_SWAT_0_ds1_E1_H6_24-1_d128_b512_f1-1_causal1_fs1_42
test 89961
val 19848
[INFO] Register count_linear() for <class 'torch.nn.modules.linear.Linear'>.
[INFO] Register zero_ops() for <class 'torch.nn.modules.dropout.Dropout'>.
[INFO] Register zero_ops() for <class 'torch.nn.modules.container.Sequential'>.
[INFO] Register count_normalization() for <class 'torch.nn.modules.batchnorm.BatchNorm1d'>.
Total GFLOPs: 1.0491
=============================================
              COMBINED RESULTS               
=============================================

          --- Averaged Metrics ---           
  TP              8840.0000
  FP              470.0000
  TN              78705.0000
  FN              1946.0000
  TPR             0.8196
  PPV             0.9495
  FPR             0.0059
  F1              0.8798
  PR_AUC          0.8703
  gflops          1.0491
  avgInfTime      0.0023
  nParams         43297.0000

        --- Concatenated Metrics ---         
  F1              0.8798
  TP              8840
  FP              470
  TN              78705
  FN              1946

               --- Alphas ---                
  [0.0000]
=============================================
